lockdown-install.js:1 SES Removing unpermitted intrinsics
dtscf-view.component.js:193 Current user: Object
dtscf-view.component.js:195 Smart Contract Address: 0x47715C122C87c383F830448668908e77b454dF5E, tokens: 3 
dtscf-view.component.js:195 allTokenIds is array? string
dtscf-view.component.js:215 Smart Contract Address: 0x47715C122C87c383F830448668908e77b454dF5E 
App.js:115 USer token: Object
dtscf-view.component.js:193 Current user: Object
dtscf-view.component.js:195 Smart Contract Address: 0x47715C122C87c383F830448668908e77b454dF5E, tokens: 3 
dtscf-view.component.js:195 allTokenIds is array? string
dtscf-view.component.js:215 Smart Contract Address: 0x47715C122C87c383F830448668908e77b454dF5E 
dashboard.component.js:86 currentUser.roles[0]: ROLE_CONTRACTOR
dashboard.component.js:89 isAnchor: false
dashboard.component.js:93 isContractor: true
dashboard.component.js:99 isMaker: true
dashboard.component.js:105 isChecker: false
dashboard.component.js:111 isApprover: false
dashboard.component.js:54 Response data from retrieveCampaigns() CampaignDataService.getAll: Array(11)
dashboard.component.js:41 Response data from retrieveDtscf() DtscfDataService.getTPbyOrgId: Array(3)
installHook.js:1 Warning: Each child in a list should have a unique "key" prop.

Check the render method of `Dashboard`. See https://reactjs.org/link/warning-keys for more information.
    at tr
    at Dashboard (http://localhost:8081/static/js/bundle.js:15646:5)
    at RenderedRoute (http://localhost:8081/static/js/bundle.js:159748:5)
    at Routes (http://localhost:8081/static/js/bundle.js:160482:5)
    at div
    at div
    at App (http://localhost:8081/static/js/bundle.js:170:5)
    at Router (http://localhost:8081/static/js/bundle.js:160416:15)
    at BrowserRouter (http://localhost:8081/static/js/bundle.js:158317:5)
overrideMethod @ installHook.js:1
installHook.js:1 Warning: validateDOMNesting(...): <tr> cannot appear as a child of <table>. Add a <tbody>, <thead> or <tfoot> to your code to match the DOM tree generated by the browser. Error Component Stack
    at tr (<anonymous>)
    at table (<anonymous>)
    at div (<anonymous>)
    at div (<anonymous>)
    at div (<anonymous>)
    at div (<anonymous>)
    at Dashboard (dashboard.component.js:11:1)
    at RenderedRoute (hooks.tsx:557:1)
    at Routes (components.tsx:428:1)
    at div (<anonymous>)
    at div (<anonymous>)
    at App (App.js:96:1)
    at Router (components.tsx:289:1)
    at BrowserRouter (index.tsx:692:1)
overrideMethod @ installHook.js:1
dtscf-unwrap.component.js:136 Current user: Object
dtscf-unwrap.component.js:141 isMaker: true
dtscf-unwrap.component.js:153 isApprover: false
dtscf-unwrap.component.js:158 isAnchor: false
dtscf-unwrap.component.js:164 isContractor: true
dtscf-unwrap.component.js:185 +++ id:'110' +++
dtscf-unwrap.component.js:185 typeof id:'number' +++
dtscf-unwrap.component.js:189 Calling getAllByDtscfId... 
dtscf-unwrap.component.js:299 UnderlyingDSGDList:,  Array(11)
dtscf-unwrap.component.js:126 Data received by getAllCheckerApprovers: Array(3)
dtscf-unwrap.component.js:133 approverList:  Array(8)
dtscf-unwrap.component.js:191 Response from getAllByDtscfId(id): Object
dtscf-unwrap.component.js:1403 currentProject:  Object
installHook.js:1 Warning: Each child in a list should have a unique "key" prop.

Check the render method of `DTSCFProjectCreation`. See https://reactjs.org/link/warning-keys for more information.
    at option
    at DTSCFProjectCreation (http://localhost:8081/static/js/bundle.js:30524:5)
    at ComponentWithRouterProp (http://localhost:8081/static/js/bundle.js:2557:81)
    at RenderedRoute (http://localhost:8081/static/js/bundle.js:159748:5)
    at Routes (http://localhost:8081/static/js/bundle.js:160482:5)
    at div
    at div
    at App (http://localhost:8081/static/js/bundle.js:170:5)
    at Router (http://localhost:8081/static/js/bundle.js:160416:15)
    at BrowserRouter (http://localhost:8081/static/js/bundle.js:158317:5)
overrideMethod @ installHook.js:1
installHook.js:1 Warning: Received the string `true` for the boolean attribute `disabled`. Although this works, it will not work as expected if you pass the string "false". Did you mean disabled={true}? Error Component Stack
    at input (<anonymous>)
    at div (<anonymous>)
    at form (<anonymous>)
    at div (<anonymous>)
    at div (<anonymous>)
    at div (<anonymous>)
    at DTSCFProjectCreation (dtscf-unwrap.component.js:31:1)
    at ComponentWithRouterProp (with-router.js:5:1)
    at RenderedRoute (hooks.tsx:557:1)
    at Routes (components.tsx:428:1)
    at div (<anonymous>)
    at div (<anonymous>)
    at App (App.js:96:1)
    at Router (components.tsx:289:1)
    at BrowserRouter (index.tsx:692:1)
overrideMethod @ installHook.js:1
installHook.js:1 Warning: Invalid DOM property `maxlength`. Did you mean `maxLength`? Error Component Stack
    at input (<anonymous>)
    at div (<anonymous>)
    at form (<anonymous>)
    at div (<anonymous>)
    at div (<anonymous>)
    at div (<anonymous>)
    at DTSCFProjectCreation (dtscf-unwrap.component.js:31:1)
    at ComponentWithRouterProp (with-router.js:5:1)
    at RenderedRoute (hooks.tsx:557:1)
    at Routes (components.tsx:428:1)
    at div (<anonymous>)
    at div (<anonymous>)
    at App (App.js:96:1)
    at Router (components.tsx:289:1)
    at BrowserRouter (index.tsx:692:1)
overrideMethod @ installHook.js:1
installHook.js:1 Warning: Use the `defaultValue` or `value` props on <select> instead of setting `selected` on <option>. Error Component Stack
    at option (<anonymous>)
    at select (<anonymous>)
    at div (<anonymous>)
    at form (<anonymous>)
    at div (<anonymous>)
    at div (<anonymous>)
    at div (<anonymous>)
    at DTSCFProjectCreation (dtscf-unwrap.component.js:31:1)
    at ComponentWithRouterProp (with-router.js:5:1)
    at RenderedRoute (hooks.tsx:557:1)
    at Routes (components.tsx:428:1)
    at div (<anonymous>)
    at div (<anonymous>)
    at App (App.js:96:1)
    at Router (components.tsx:289:1)
    at BrowserRouter (index.tsx:692:1)
overrideMethod @ installHook.js:1
installHook.js:1 MetaMask chain query failed for milestone 181 Error: data out-of-bounds (length=0, offset=32, code=BUFFER_OVERRUN, version=abi/5.7.0)
    at e.value (web3.min.js:2:1)
    at e.value (web3.min.js:2:1)
    at e.value (web3.min.js:2:1)
    at e.value (web3.min.js:2:1)
    at e.value (web3.min.js:2:1)
    at d.value (web3.min.js:2:1)
    at d.value (web3.min.js:2:1)
    at web3.min.js:2:1
    at Array.forEach (<anonymous>)
    at y (web3.min.js:2:1)
overrideMethod @ installHook.js:1
dtscf-unwrap.component.js:1403 currentProject:  Object
dtscf-unwrap.component.js:255 Organisation: Object
dtscf-unwrap.component.js:1403 currentProject:  Object
dtscf-unwrap.component.js:590 Selected Milestone ID: 180 Name: M1 - Lay foundation
dtscf-unwrap.component.js:1403 currentProject:  Object
dtscf-unwrap.component.js:678 Validating form with currentProject: Object
dtscf-unwrap.component.js:679 Selected Milestone for Purchase: M1 - Lay foundation
dtscf-unwrap.component.js:723 start date:'2026-01-01'
dtscf-unwrap.component.js:724 end date:'2035-12-31'
dtscf-unwrap.component.js:725 Start > End? false
dtscf-unwrap.component.js:979 Active Account: 0x2dc7b6c7024107214d78da7aff44bf2a66c80f5d
dtscf-unwrap.component.js:980 Contract Address: 0x47715C122C87c383F830448668908e77b454dF5E
dtscf-unwrap.component.js:981 Raw Milestone ID from State: 180
dtscf-unwrap.component.js:984 Connected Chain ID: 11155111
dtscf-unwrap.component.js:984 Expected Chain ID from Project: 11155111
dtscf-unwrap.component.js:998 Blockchain Response (Token IDs): Array(5)
dtscf-unwrap.component.js:1403 currentProject:  Object
